[ERROR] 2026-09-07T20:31:26.494Z - ❌ Error en query: Invalid JSON text: "Missing a name for object member." at position 2 in value for column 'pedidos.items'.
[ERROR] 2026-09-07T20:31:26.496Z - SQL: INSERT INTO pedidos 
       (mesa_id, usuario_id, items, subtotal, igv, total, cliente_nombre, cliente_id, 
        tipo, tipo_entrega, estado, observaciones, metodo_pago, pagado) 
       VALUES (?, ?, ?, ?, ?, ?, ?, ?, ?, ?, ?, ?, ?, ?)
[ERROR] 2026-09-07T20:31:26.500Z - Params: [null,3,"[{\"id\":11,\"nombre\":\"Mostro Ala\",\"precio\":13,\"cantidad\":1,\"subtotal\":13}]",13,2.34,15.34,"Cliente",null,"local","delivery","pendiente",null,null,0]
[ERROR] 2026-09-07T20:34:40.716Z - ❌ Error en query: Invalid JSON text: "Missing a name for object member." at position 2 in value for column 'pedidos.items'.
[ERROR] 2026-09-07T20:34:40.716Z - SQL: INSERT INTO pedidos 
       (mesa_id, usuario_id, items, subtotal, igv, total, cliente_nombre, cliente_id, 
        tipo, tipo_entrega, estado, observaciones, metodo_pago, pagado) 
       VALUES (?, ?, ?, ?, ?, ?, ?, ?, ?, ?, ?, ?, ?, ?)
[ERROR] 2026-09-07T20:34:40.717Z - Params: [null,3,"[{\"id\":2,\"nombre\":\"1/2 pollo\",\"precio\":23,\"cantidad\":1,\"subtotal\":23}]",23,4.14,27.14,"Cliente",null,"local","local","pendiente",null,null,0]
[ERROR] 2026-09-07T20:36:54.379Z - ❌ Error en query: Invalid JSON text: "Missing a name for object member." at position 2 in value for column 'pedidos.items'.
[ERROR] 2026-09-07T20:36:54.380Z - SQL: INSERT INTO pedidos 
       (mesa_id, usuario_id, items, subtotal, igv, total, cliente_nombre, cliente_id, 
        tipo, tipo_entrega, estado, observaciones, metodo_pago, pagado) 
       VALUES (?, ?, ?, ?, ?, ?, ?, ?, ?, ?, ?, ?, ?, ?)
[ERROR] 2026-09-07T20:36:54.380Z - Params: [null,3,"[{\"id\":3,\"nombre\":\"1 pollo\",\"precio\":45,\"cantidad\":1,\"subtotal\":45}]",45,8.1,53.1,"Cliente",null,"local","delivery","pendiente",null,null,0]
[ERROR] 2026-09-07T20:38:55.464Z - ❌ Error en query: Invalid JSON text: "Missing a name for object member." at position 2 in value for column 'pedidos.items'.
[ERROR] 2026-09-07T20:38:55.465Z - SQL: INSERT INTO pedidos 
       (mesa_id, usuario_id, items, subtotal, igv, total, cliente_nombre, cliente_id, 
        tipo, tipo_entrega, estado, observaciones, metodo_pago, pagado) 
       VALUES (?, ?, ?, ?, ?, ?, ?, ?, ?, ?, ?, ?, ?, ?)
[ERROR] 2026-09-07T20:38:55.466Z - Params: [null,3,"[{\"id\":3,\"nombre\":\"1 pollo\",\"precio\":45,\"cantidad\":1,\"subtotal\":45}]",45,8.1,53.1,"Cliente",null,"local","delivery","pendiente",null,null,0]
[ERROR] 2026-09-07T20:41:53.404Z - ❌ Error en query: Invalid JSON text: "Missing a name for object member." at position 2 in value for column 'pedidos.items'.
[ERROR] 2026-09-07T20:41:53.405Z - SQL: INSERT INTO pedidos 
     (mesa_id, usuario_id, items, subtotal, igv, total, cliente_nombre, cliente_id, 
      tipo, tipo_entrega, estado, observaciones, metodo_pago, pagado) 
     VALUES (?, ?, ?, ?, ?, ?, ?, ?, ?, ?, ?, ?, ?, ?)
[ERROR] 2026-09-07T20:41:53.406Z - Params: [null,3,"[{\"id\":2,\"nombre\":\"1/2 pollo\",\"precio\":23,\"cantidad\":1,\"subtotal\":23}]",23,4.14,27.14,"adrian",null,"local","local","pendiente",null,null,0]
[ERROR] 2026-09-07T20:44:57.909Z - ❌ Error en query: Invalid JSON text: "Missing a name for object member." at position 2 in value for column 'pedidos.items'.
[ERROR] 2026-09-07T20:44:57.910Z - SQL: INSERT INTO pedidos 
     (mesa_id, usuario_id, items, subtotal, igv, total, cliente_nombre, cliente_id, 
      tipo, tipo_entrega, estado, observaciones, metodo_pago, pagado) 
     VALUES (?, ?, ?, ?, ?, ?, ?, ?, ?, ?, ?, ?, ?, ?)
[ERROR] 2026-09-07T20:44:57.910Z - Params: [null,3,"[{\"id\":2,\"nombre\":\"1-2 pollo\",\"precio\":23,\"cantidad\":1,\"subtotal\":23}]",23,4.14,27.14,"adrian",null,"local","local","pendiente",null,null,0]
[ERROR] 2026-09-16T04:22:21.559Z - Error en findAll usuarios:
{}
[ERROR] 2026-09-16T04:22:23.274Z - Error en findAll usuarios:
{}
[ERROR] 2026-09-16T16:00:14.258Z - Error en update usuarios:
{
  "code": "ER_TRUNCATED_WRONG_VALUE",
  "errno": 1292,
  "sqlState": "22007",
  "sqlMessage": "Incorrect date value: '2024-01-01T05:00:00.000Z' for column 'fecha_contratacion' at row 1",
  "sql": "UPDATE usuarios \n         SET nombre = 'Mesero', apellido = 'Sistema', dni = '11111111', rol = 'mesero', telefono = '902458938', email = 'mesero@polleriayacky.com', activo = 1, fecha_contratacion = '2024-01-01T05:00:00.000Z', salario = '2500.00' \n         WHERE id = '3' AND deleted_at IS NULL"
}
[ERROR] 2026-09-16T16:03:37.575Z - Error en update usuarios:
{
  "code": "ER_TRUNCATED_WRONG_VALUE",
  "errno": 1292,
  "sqlState": "22007",
  "sqlMessage": "Incorrect date value: '2024-01-01T05:00:00.000Z' for column 'fecha_contratacion' at row 1",
  "sql": "UPDATE usuarios \n         SET nombre = 'Mesero', apellido = 'Sistema', dni = '11111111', rol = 'mesero', telefono = '902458938', email = 'mesero@polleriayacky.com', activo = 1, fecha_contratacion = '2024-01-01T05:00:00.000Z', salario = '2500.00' \n         WHERE id = '3' AND deleted_at IS NULL"
}
[ERROR] 2026-09-16T16:03:39.318Z - Error en update usuarios:
{
  "code": "ER_TRUNCATED_WRONG_VALUE",
  "errno": 1292,
  "sqlState": "22007",
  "sqlMessage": "Incorrect date value: '2024-01-01T05:00:00.000Z' for column 'fecha_contratacion' at row 1",
  "sql": "UPDATE usuarios \n         SET nombre = 'Mesero', apellido = 'Sistema', dni = '11111111', rol = 'mesero', telefono = '902458938', email = 'mesero@polleriayacky.com', activo = 1, fecha_contratacion = '2024-01-01T05:00:00.000Z', salario = '2500.00' \n         WHERE id = '3' AND deleted_at IS NULL"
}
[ERROR] 2026-09-16T16:03:40.142Z - Error en update usuarios:
{
  "code": "ER_TRUNCATED_WRONG_VALUE",
  "errno": 1292,
  "sqlState": "22007",
  "sqlMessage": "Incorrect date value: '2024-01-01T05:00:00.000Z' for column 'fecha_contratacion' at row 1",
  "sql": "UPDATE usuarios \n         SET nombre = 'Mesero', apellido = 'Sistema', dni = '11111111', rol = 'mesero', telefono = '902458938', email = 'mesero@polleriayacky.com', activo = 1, fecha_contratacion = '2024-01-01T05:00:00.000Z', salario = '2500.00' \n         WHERE id = '3' AND deleted_at IS NULL"
}
[ERROR] 2026-09-18T17:06:38.285Z - ❌ Error configurando transporter de correo:
"Invalid login: 535-5.7.8 Username and Password not accepted. For more information, go to\n535 5.7.8  https://support.google.com/mail/?p=BadCredentials 5614622812f47-4cd6a86e714sm1512773b6e.16 - gsmtp"
[ERROR] 2026-09-18T17:13:15.528Z - Error al registrar historial: Data truncated for column 'accion' at row 1
[ERROR] 2026-09-18T17:14:26.764Z - Error al registrar historial: Data truncated for column 'accion' at row 1
[ERROR] 2026-09-18T17:16:12.167Z - Error al registrar historial: Data truncated for column 'accion' at row 1
[ERROR] 2026-09-18T17:17:02.877Z - Error al registrar historial: Data truncated for column 'accion' at row 1
