[INFO] 2026-09-07T20:22:22.183Z - ✅ Servidor corriendo en http://localhost:3000
[INFO] 2026-09-07T20:22:22.185Z - 🔒 Seguridad activada: Helmet, Rate Limiting, Sanitización
[INFO] 2026-09-07T20:22:39.972Z - ✅ Servidor corriendo en http://localhost:3000
[INFO] 2026-09-07T20:22:39.973Z - 🔒 Seguridad activada: Helmet, Rate Limiting, Sanitización
[INFO] 2026-09-09T22:05:33.439Z - ✅ Configuración obtenida: 16 registros
[INFO] 2026-09-09T22:11:10.420Z - ✅ Configuración obtenida: 16 registros
[INFO] 2026-09-11T15:36:42.174Z - ✅ Configuración obtenida: 1 registros
[INFO] 2026-09-11T15:36:42.220Z - ✅ Configuración actualizada: EMPRESA_NOMBRE = Nuevo Valor
[INFO] 2026-09-11T15:41:58.455Z - ✅ Configuración obtenida: 1 registros
[INFO] 2026-09-11T15:41:58.502Z - ✅ Configuración actualizada: EMPRESA_NOMBRE = Nuevo Valor
[INFO] 2026-09-11T15:45:22.635Z - ✅ Configuración obtenida: 1 registros
[INFO] 2026-09-11T15:45:22.680Z - ✅ Configuración actualizada: EMPRESA_NOMBRE = Nuevo Valor
[INFO] 2026-09-11T15:46:34.133Z - ✅ Configuración obtenida: 1 registros
[INFO] 2026-09-11T15:46:34.178Z - ✅ Configuración actualizada: EMPRESA_NOMBRE = Nuevo Valor
[INFO] 2026-09-11T15:50:57.096Z - ✅ Configuración obtenida: 1 registros
[INFO] 2026-09-11T15:50:57.218Z - ✅ Configuración actualizada: EMPRESA_NOMBRE = Nuevo Valor
[INFO] 2026-09-11T15:53:56.397Z - ✅ Configuración obtenida: 1 registros
[INFO] 2026-09-11T15:53:56.455Z - ✅ Configuración actualizada: EMPRESA_NOMBRE = Nuevo Valor
[INFO] 2026-09-11T15:56:59.786Z - ✅ Configuración obtenida: 1 registros
[INFO] 2026-09-11T15:56:59.845Z - ✅ Configuración actualizada: EMPRESA_NOMBRE = Nuevo Valor
[INFO] 2026-09-14T03:07:57.268Z - Configuración obtenida: 16 registros
[INFO] 2026-09-14T15:50:53.186Z - Recibida señal SIGINT, cerrando servidor...
[INFO] 2026-09-14T16:40:23.749Z - Recibida señal SIGINT, cerrando servidor...
[INFO] 2026-09-14T23:27:26.428Z - Recibida señal SIGINT, cerrando servidor...
[INFO] 2026-09-14T23:28:41.156Z - Recibida señal SIGINT, cerrando servidor...
[INFO] 2026-09-14T23:30:28.860Z - Recibida señal SIGINT, cerrando servidor...
[INFO] 2026-09-14T23:49:05.044Z - Recibida señal SIGINT, cerrando servidor...
[INFO] 2026-09-14T23:56:27.308Z - Recibida señal SIGINT, cerrando servidor...
[INFO] 2026-09-14T23:57:17.875Z - Recibida señal SIGINT, cerrando servidor...
[INFO] 2026-09-14T23:57:46.603Z - Recibida señal SIGINT, cerrando servidor...
[INFO] 2026-09-14T23:58:14.628Z - Recibida señal SIGINT, cerrando servidor...
[INFO] 2026-09-14T23:58:31.379Z - Recibida señal SIGINT, cerrando servidor...
[INFO] 2026-09-15T00:00:00.307Z - Recibida señal SIGINT, cerrando servidor...
[INFO] 2026-09-16T04:30:12.187Z - Recibida señal SIGINT, cerrando servidor...
[INFO] 2026-09-16T04:31:22.859Z - Recibida señal SIGINT, cerrando servidor...
[INFO] 2026-09-16T04:34:29.915Z - Recibida señal SIGINT, cerrando servidor...
[INFO] 2026-09-16T04:51:10.030Z - Configuración obtenida: 16 registros
[INFO] 2026-09-16T04:51:32.817Z - Recibida señal SIGINT, cerrando servidor...
[INFO] 2026-09-16T04:54:58.922Z - Recibida señal SIGINT, cerrando servidor...
